2024-04-30 07:59:16.330 [TestNG-tests-1] INFO  utilities.listners.ITest - Test started
2024-04-30 07:59:17.317 [TestNG-tests-1] INFO  tests.BaseClass - ChromeDriver initialized
2024-04-30 07:59:20.880 [TestNG-tests-1] INFO  utilities.listners.ITest - Starting test: validateTitle
2024-04-30 07:59:22.522 [TestNG-tests-1] INFO  tests.login.LoginTest - Validate title
2024-04-30 07:59:22.524 [TestNG-tests-1] INFO  utilities.listners.ITest - Test validateTitle passed successfully
2024-04-30 07:59:22.642 [TestNG-tests-1] INFO  utilities.listners.ITest - The tests finished
